2026-09-20 11:30:40,669 - orchestrator_logger - INFO - Initializing Request Processor
2026-09-20 11:33:12,109 - orchestrator_logger - INFO - Initializing Request Processor
2026-09-20 11:33:37,820 - orchestrator_logger - INFO - 1 requests to be processed for 6 files
2026-09-20 11:33:37,820 - orchestrator_logger - INFO - Processing Es1_Python_GestionePalestra.ipynb
2026-09-20 11:33:37,831 - orchestrator_logger - INFO - Waiting 3 promises
2026-09-20 11:33:46,858 - orchestrator_logger - INFO - Es1_Python_GestionePalestra.ipynb processed
2026-09-20 11:33:46,859 - orchestrator_logger - INFO - Processing Es2_Python_Concourrency.ipynb
2026-09-20 11:33:46,881 - orchestrator_logger - INFO - Waiting 3 promises
2026-09-20 11:33:54,909 - orchestrator_logger - INFO - Es2_Python_Concourrency.ipynb processed
2026-09-20 11:33:54,911 - orchestrator_logger - INFO - Processing Es3_Python_Asyncio.ipynb
2026-09-20 11:33:54,922 - orchestrator_logger - INFO - Waiting 3 promises
2026-09-20 11:34:01,945 - orchestrator_logger - INFO - Es3_Python_Asyncio.ipynb processed
2026-09-20 11:34:01,946 - orchestrator_logger - INFO - Processing Es4_Python_Metaclass.ipynb
2026-09-20 11:34:01,967 - orchestrator_logger - INFO - Waiting 3 promises
2026-09-20 11:34:12,050 - orchestrator_logger - INFO - Es4_Python_Metaclass.ipynb processed
2026-09-20 11:34:12,050 - orchestrator_logger - INFO - Processing Poetry_CreazionePacchetti.py
2026-09-20 11:34:12,053 - orchestrator_logger - INFO - Waiting 3 promises
2026-09-20 11:34:20,074 - orchestrator_logger - INFO - Poetry_CreazionePacchetti.py processed
2026-09-20 11:34:20,074 - orchestrator_logger - INFO - Processing PydanticAndTypes.py
2026-09-20 11:34:20,080 - orchestrator_logger - INFO - Waiting 3 promises
2026-09-20 11:34:28,089 - orchestrator_logger - INFO - PydanticAndTypes.py processed
2026-09-20 11:34:28,095 - orchestrator_logger - INFO - Publishing processing results for 6 files
2026-09-20 11:38:00,187 - orchestrator_logger - INFO - Initializing Request Processor
2026-09-20 11:41:35,943 - orchestrator_logger - INFO - Initializing Request Processor
2026-09-20 11:41:50,748 - orchestrator_logger - INFO - 1 requests to be processed for 6 files
2026-09-20 11:41:50,749 - orchestrator_logger - INFO - Processing Es1_Python_GestionePalestra.ipynb
2026-09-20 11:41:50,752 - orchestrator_logger - INFO - Waiting 3 promises
2026-09-20 11:41:59,775 - orchestrator_logger - INFO - Es1_Python_GestionePalestra.ipynb processed
2026-09-20 11:41:59,776 - orchestrator_logger - INFO - Processing Es2_Python_Concourrency.ipynb
2026-09-20 11:41:59,778 - orchestrator_logger - INFO - Waiting 3 promises
2026-09-20 11:42:06,804 - orchestrator_logger - INFO - Es2_Python_Concourrency.ipynb processed
2026-09-20 11:42:06,804 - orchestrator_logger - ERROR - [Es2_Python_Concourrency.ipynb] Processing keyword-extraction failed
2026-09-20 11:42:06,805 - orchestrator_logger - INFO - Processing Es3_Python_Asyncio.ipynb
2026-09-20 11:42:06,807 - orchestrator_logger - INFO - Waiting 3 promises
2026-09-20 11:42:19,822 - orchestrator_logger - INFO - Es3_Python_Asyncio.ipynb processed
2026-09-20 11:42:19,823 - orchestrator_logger - INFO - Processing Es4_Python_Metaclass.ipynb
2026-09-20 11:42:19,825 - orchestrator_logger - INFO - Waiting 3 promises
2026-09-20 11:42:28,847 - orchestrator_logger - INFO - Es4_Python_Metaclass.ipynb processed
2026-09-20 11:42:28,847 - orchestrator_logger - ERROR - [Es4_Python_Metaclass.ipynb] Processing summarize failed
2026-09-20 11:42:28,848 - orchestrator_logger - INFO - Processing Poetry_CreazionePacchetti.py
2026-09-20 11:42:28,850 - orchestrator_logger - INFO - Waiting 3 promises
2026-09-20 11:42:36,867 - orchestrator_logger - INFO - Poetry_CreazionePacchetti.py processed
2026-09-20 11:42:36,867 - orchestrator_logger - ERROR - [Poetry_CreazionePacchetti.py] Processing classify failed
2026-09-20 11:42:36,867 - orchestrator_logger - ERROR - [Poetry_CreazionePacchetti.py] Processing summarize failed
2026-09-20 11:42:36,868 - orchestrator_logger - INFO - Processing PydanticAndTypes.py
2026-09-20 11:42:36,873 - orchestrator_logger - INFO - Waiting 3 promises
2026-09-20 11:42:45,895 - orchestrator_logger - INFO - PydanticAndTypes.py processed
2026-09-20 11:42:45,895 - orchestrator_logger - ERROR - [PydanticAndTypes.py] Processing summarize failed
2026-09-20 11:42:45,902 - orchestrator_logger - INFO - Publishing processing results for 6 files
2026-09-20 11:42:47,501 - orchestrator_logger - INFO - Error file created for 0
2026-09-20 11:42:47,799 - orchestrator_logger - INFO - Success file created for 2
2026-09-20 11:42:54,714 - INFO - Initializing Request Processor
2026-09-20 11:43:10,178 - INFO - Initializing Request Processor
2026-09-20 11:47:03,374 - INFO - Initializing Request Processor
2026-09-20 11:52:20,842 - INFO - Initializing Request Processor
2026-09-20 11:52:56,950 - INFO - Initializing Request Processor
2026-09-20 11:55:07,151 - INFO - Initializing Request Processor
2026-09-20 12:00:15,813 - INFO - Initializing Request Processor
2026-09-20 12:01:02,524 - INFO - 1 requests to be processed for 6 files
2026-09-20 12:01:02,525 - INFO - Processing Es1_Python_GestionePalestra.ipynb
2026-09-20 12:01:02,532 - INFO - Waiting 3 promises
2026-09-20 12:01:09,556 - INFO - Es1_Python_GestionePalestra.ipynb processed
2026-09-20 12:01:09,557 - ERROR - [Es1_Python_GestionePalestra.ipynb] Processing keyword-extraction failed
2026-09-20 12:01:09,643 - INFO - Processing Es2_Python_Concourrency.ipynb
2026-09-20 12:01:09,650 - INFO - Waiting 3 promises
2026-09-20 12:01:17,672 - INFO - Es2_Python_Concourrency.ipynb processed
2026-09-20 12:01:17,672 - ERROR - [Es2_Python_Concourrency.ipynb] Processing classify failed
2026-09-20 12:01:17,674 - ERROR - [Es2_Python_Concourrency.ipynb] Processing keyword-extraction failed
2026-09-20 12:01:17,778 - INFO - Processing Es3_Python_Asyncio.ipynb
2026-09-20 12:01:17,785 - INFO - Waiting 3 promises
2026-09-20 12:01:26,802 - INFO - Es3_Python_Asyncio.ipynb processed
2026-09-20 12:01:26,802 - ERROR - [Es3_Python_Asyncio.ipynb] Processing classify failed
2026-09-20 12:01:26,803 - ERROR - [Es3_Python_Asyncio.ipynb] Processing keyword-extraction failed
2026-09-20 12:01:26,866 - INFO - Processing Es4_Python_Metaclass.ipynb
2026-09-20 12:01:26,873 - INFO - Waiting 3 promises
2026-09-20 12:01:34,897 - INFO - Es4_Python_Metaclass.ipynb processed
2026-09-20 12:01:34,898 - ERROR - [Es4_Python_Metaclass.ipynb] Processing classify failed
2026-09-20 12:01:34,975 - INFO - Processing Poetry_CreazionePacchetti.py
2026-09-20 12:01:34,979 - INFO - Waiting 3 promises
2026-09-20 12:01:43,995 - INFO - Poetry_CreazionePacchetti.py processed
2026-09-20 12:01:43,995 - ERROR - [Poetry_CreazionePacchetti.py] Processing classify failed
2026-09-20 12:01:44,058 - INFO - Processing PydanticAndTypes.py
2026-09-20 12:01:44,064 - INFO - Waiting 3 promises
2026-09-20 12:01:53,079 - INFO - PydanticAndTypes.py processed
2026-09-20 12:01:53,183 - INFO - Publishing processing results for 6 files
2026-09-20 12:01:55,080 - INFO - Error file created for 0
2026-09-20 12:01:55,154 - INFO - Success file created for 1
2026-09-20 12:02:27,536 - INFO - Initializing Request Processor
2026-09-20 12:02:37,163 - INFO - 1 requests to be processed for 6 files
2026-09-20 12:02:37,164 - INFO - Processing Es1_Python_GestionePalestra.ipynb
2026-09-20 12:02:37,167 - INFO - Waiting 3 promises
2026-09-20 12:02:43,188 - INFO - Es1_Python_GestionePalestra.ipynb processed
2026-09-20 12:02:43,188 - ERROR - [Es1_Python_GestionePalestra.ipynb] Processing classify failed
2026-09-20 12:02:43,189 - ERROR - [Es1_Python_GestionePalestra.ipynb] Processing keyword-extraction failed
2026-09-20 12:02:43,277 - INFO - Processing Es2_Python_Concourrency.ipynb
2026-09-20 12:02:43,280 - INFO - Waiting 3 promises
2026-09-20 12:02:51,321 - INFO - Es2_Python_Concourrency.ipynb processed
2026-09-20 12:02:51,322 - ERROR - [Es2_Python_Concourrency.ipynb] Processing summarize failed
2026-09-20 12:02:51,322 - ERROR - [Es2_Python_Concourrency.ipynb] Processing keyword-extraction failed
2026-09-20 12:02:51,430 - INFO - Processing Es3_Python_Asyncio.ipynb
2026-09-20 12:02:51,434 - INFO - Waiting 3 promises
2026-09-20 12:02:59,460 - INFO - Es3_Python_Asyncio.ipynb processed
2026-09-20 12:02:59,566 - INFO - Processing Es4_Python_Metaclass.ipynb
2026-09-20 12:02:59,569 - INFO - Waiting 3 promises
2026-09-20 12:03:08,581 - INFO - Es4_Python_Metaclass.ipynb processed
2026-09-20 12:03:08,660 - INFO - Processing Poetry_CreazionePacchetti.py
2026-09-20 12:03:08,662 - INFO - Waiting 3 promises
2026-09-20 12:03:16,683 - INFO - Poetry_CreazionePacchetti.py processed
2026-09-20 12:03:16,684 - ERROR - [Poetry_CreazionePacchetti.py] Processing keyword-extraction failed
2026-09-20 12:03:16,876 - INFO - Processing PydanticAndTypes.py
2026-09-20 12:03:16,881 - INFO - Waiting 3 promises
2026-09-20 12:03:25,894 - INFO - PydanticAndTypes.py processed
2026-09-20 12:03:25,971 - INFO - Publishing processing results for 6 files
2026-09-20 12:03:27,591 - INFO - Error file created for 0
2026-09-20 12:03:27,653 - INFO - Success file created for 3
