2026-09-20 12:14:32,659 - INFO - Initializing Request Processor
2026-09-20 12:15:09,871 - INFO - 1 requests to be processed for 6 files
2026-09-20 12:15:09,871 - INFO - Processing Es1_Python_GestionePalestra.ipynb
2026-09-20 12:15:09,887 - INFO - Waiting 3 promises
2026-09-20 12:15:14,925 - INFO - Es1_Python_GestionePalestra.ipynb processed
2026-09-20 12:15:15,033 - INFO - Processing Es2_Python_Concourrency.ipynb
2026-09-20 12:15:15,041 - INFO - Waiting 3 promises
2026-09-20 12:15:22,065 - INFO - Es2_Python_Concourrency.ipynb processed
2026-09-20 12:15:22,184 - INFO - Processing Es3_Python_Asyncio.ipynb
2026-09-20 12:15:22,199 - INFO - Waiting 3 promises
2026-09-20 12:15:31,216 - INFO - Es3_Python_Asyncio.ipynb processed
2026-09-20 12:15:31,301 - INFO - Processing Es4_Python_Metaclass.ipynb
2026-09-20 12:15:31,309 - INFO - Waiting 3 promises
2026-09-20 12:15:39,322 - INFO - Es4_Python_Metaclass.ipynb processed
2026-09-20 12:15:39,390 - INFO - Processing Poetry_CreazionePacchetti.py
2026-09-20 12:15:39,393 - INFO - Waiting 3 promises
2026-09-20 12:15:48,725 - INFO - Poetry_CreazionePacchetti.py processed
2026-09-20 12:15:48,791 - INFO - Processing PydanticAndTypes.py
2026-09-20 12:15:48,793 - INFO - Waiting 3 promises
2026-09-20 12:16:02,637 - INFO - Initializing Request Processor
2026-09-20 12:16:27,418 - INFO - Initializing Request Processor
2026-09-20 12:16:33,875 - INFO - 1 requests to be processed for 5 files
2026-09-20 12:16:33,875 - INFO - Processing error_orchestrator_logger.log
2026-09-20 12:16:33,877 - INFO - Waiting 3 promises
2026-09-20 12:16:43,620 - INFO - error_orchestrator_logger.log processed
2026-09-20 12:16:43,806 - INFO - Processing info_orchestrator_logger.log
2026-09-20 12:16:43,809 - INFO - Waiting 3 promises
2026-09-20 12:16:52,835 - INFO - info_orchestrator_logger.log processed
2026-09-20 12:16:52,912 - INFO - Processing request_processor.py
2026-09-20 12:16:52,914 - INFO - Waiting 3 promises
2026-09-20 12:17:00,936 - INFO - request_processor.py processed
2026-09-20 12:17:01,028 - INFO - Processing __init__.py
2026-09-20 12:17:01,030 - INFO - Waiting 3 promises
2026-09-20 12:17:09,352 - INFO - __init__.py processed
2026-09-20 12:17:09,434 - INFO - Processing __main__.py
2026-09-20 12:17:09,436 - INFO - Waiting 3 promises
2026-09-20 12:17:18,462 - INFO - __main__.py processed
2026-09-20 12:17:18,548 - INFO - Publishing processing results for 5 files
2026-09-20 12:17:20,040 - INFO - Error file created for 0
2026-09-20 12:17:20,104 - INFO - Success file created for 5
2026-09-20 16:18:39,552 - INFO - Initializing Request Processor
2026-09-20 16:18:45,770 - INFO - 1 requests to be processed for 5 files
2026-09-20 16:18:45,794 - INFO - Publishing processing results for 5 files
2026-09-20 16:24:46,448 - INFO - Initializing Request Processor
2026-09-20 16:24:52,705 - INFO - 1 requests to be processed for 5 files
2026-09-20 16:24:52,710 - INFO - Processing request.py
2026-09-20 16:24:52,710 - INFO - Processing llm_client.py
2026-09-20 16:24:52,711 - INFO - Processing __init__.py
2026-09-20 16:24:52,711 - INFO - Processing logger.py
2026-09-20 16:24:52,711 - INFO - Processing orchestrator.py
2026-09-20 16:24:52,713 - INFO - Waiting 3 promises
2026-09-20 16:24:52,714 - INFO - Waiting 3 promises
2026-09-20 16:24:52,713 - INFO - Waiting 3 promises
2026-09-20 16:24:52,715 - INFO - Waiting 3 promises
2026-09-20 16:24:52,717 - INFO - Waiting 3 promises
2026-09-20 16:24:59,754 - INFO - request.py processed
2026-09-20 16:25:00,746 - INFO - logger.py processed
2026-09-20 16:25:00,748 - INFO - llm_client.py processed
2026-09-20 16:25:01,076 - INFO - orchestrator.py processed
2026-09-20 16:25:01,760 - INFO - __init__.py processed
2026-09-20 16:25:01,766 - INFO - Publishing processing results for 5 files
2026-09-20 16:25:04,800 - INFO - Error file created for 0
2026-09-20 16:25:04,876 - INFO - Success file created for 5
2026-09-20 16:26:25,737 - INFO - Initializing Request Processor
2026-09-20 16:26:31,468 - INFO - 1 requests to be processed for 5 files
2026-09-20 16:26:31,474 - INFO - Processing logger.py
2026-09-20 16:26:31,474 - INFO - Processing request.py
2026-09-20 16:26:31,474 - INFO - Processing llm_client.py
2026-09-20 16:26:31,475 - INFO - Processing orchestrator.py
2026-09-20 16:26:31,475 - INFO - Processing __init__.py
2026-09-20 16:26:31,477 - INFO - Waiting 3 promises
2026-09-20 16:26:31,477 - INFO - Waiting 3 promises
2026-09-20 16:26:31,478 - INFO - Waiting 3 promises
2026-09-20 16:26:31,478 - INFO - Waiting 3 promises
2026-09-20 16:26:31,480 - INFO - Waiting 3 promises
2026-09-20 16:26:38,509 - INFO - logger.py processed
2026-09-20 16:26:39,514 - INFO - request.py processed
2026-09-20 16:26:39,843 - INFO - llm_client.py processed
2026-09-20 16:26:40,520 - INFO - orchestrator.py processed
2026-09-20 16:26:40,523 - INFO - __init__.py processed
2026-09-20 16:26:40,528 - INFO - Publishing processing results for 5 files
2026-09-20 16:26:41,894 - INFO - Error file created for 0
2026-09-20 16:26:41,957 - INFO - Success file created for 5
2026-09-20 16:28:55,998 - INFO - Initializing Request Processor
2026-09-20 16:29:01,937 - INFO - 1 requests to be processed for 5 files
2026-09-20 16:29:01,941 - INFO - Processing llm_client.py
2026-09-20 16:29:01,942 - INFO - Processing logger.py
2026-09-20 16:29:01,944 - INFO - Waiting 3 promises
2026-09-20 16:29:01,944 - INFO - Waiting 3 promises
2026-09-20 16:29:10,987 - INFO - logger.py processed
2026-09-20 16:29:10,988 - ERROR - [logger.py] Processing summarize failed
2026-09-20 16:29:10,996 - INFO - Processing orchestrator.py
2026-09-20 16:29:11,000 - INFO - Waiting 3 promises
2026-09-20 16:29:11,597 - INFO - llm_client.py processed
2026-09-20 16:29:11,603 - INFO - Processing request.py
2026-09-20 16:29:11,607 - INFO - Waiting 3 promises
2026-09-20 16:29:18,014 - INFO - orchestrator.py processed
2026-09-20 16:29:18,019 - INFO - Processing __init__.py
2026-09-20 16:29:18,021 - INFO - Waiting 3 promises
2026-09-20 16:29:19,627 - INFO - request.py processed
2026-09-20 16:29:27,356 - INFO - __init__.py processed
2026-09-20 16:29:27,362 - INFO - Publishing processing results for 5 files
2026-09-20 16:29:28,798 - INFO - Error file created for 0
2026-09-20 16:29:28,891 - INFO - Success file created for 4
2026-09-20 16:31:03,736 - INFO - Initializing Request Processor
2026-09-20 16:31:19,444 - INFO - Initializing Request Processor
2026-09-20 16:31:47,195 - INFO - Initializing Request Processor
2026-09-20 16:32:03,330 - INFO - Initializing Request Processor
2026-09-20 16:33:32,237 - INFO - Initializing Request Processor
2026-09-20 16:35:14,446 - INFO - Initializing Request Processor
2026-09-20 16:39:27,521 - INFO - Initializing Request Processor
2026-09-20 16:39:36,098 - INFO - 1 requests to be processed for 5 files
2026-09-20 16:39:36,169 - INFO - Processing orchestrator.py
2026-09-20 16:39:36,169 - INFO - Processing llm_client.py
2026-09-20 16:39:36,169 - INFO - Processing request.py
2026-09-20 16:39:36,169 - INFO - Processing logger.py
2026-09-20 16:39:36,170 - INFO - Processing __init__.py
2026-09-20 16:39:36,171 - INFO - Waiting 3 promises
2026-09-20 16:39:36,171 - INFO - Waiting 3 promises
2026-09-20 16:39:36,171 - INFO - Waiting 3 promises
2026-09-20 16:39:36,172 - INFO - Waiting 3 promises
2026-09-20 16:39:36,171 - INFO - Waiting 3 promises
2026-09-20 16:39:43,215 - INFO - __init__.py processed
2026-09-20 16:39:45,205 - INFO - logger.py processed
2026-09-20 16:39:45,206 - INFO - orchestrator.py processed
2026-09-20 16:39:45,532 - INFO - request.py processed
2026-09-20 16:39:45,533 - ERROR - [request.py] Processing classify failed
2026-09-20 16:39:45,860 - INFO - llm_client.py processed
2026-09-20 16:39:45,864 - INFO - Publishing processing results for 5 files
2026-09-20 16:39:47,068 - INFO - Error file created for 0
2026-09-20 16:39:47,150 - INFO - Success file created for 4
2026-09-20 17:50:50,678 - INFO - Initializing Request Processor
2026-09-20 17:51:03,591 - INFO - Initializing Request Processor
2026-09-20 17:53:40,268 - INFO - Initializing Request Processor
2026-09-20 17:54:33,555 - INFO - Initializing Request Processor
2026-09-20 17:55:02,866 - INFO - Initializing Request Processor
2026-09-20 17:55:11,537 - INFO - 1 requests to be processed for 0 files
2026-09-20 17:55:11,697 - INFO -  Publishing processing results for 0 files
2026-09-20 17:55:14,775 - INFO - Initializing Request Processor
2026-09-20 17:55:27,149 - INFO - Initializing Request Processor
2026-09-20 17:55:31,128 - INFO - 1 requests to be processed for 0 files
2026-09-20 17:55:31,280 - INFO -  Publishing processing results for 0 files
2026-09-20 17:55:32,263 - INFO - Error file created for 0
2026-09-20 17:55:32,323 - INFO - Success file created for 0
2026-09-20 17:55:45,907 - INFO - Initializing Request Processor
2026-09-20 17:56:03,004 - INFO - 2 requests to be processed for 2 files
2026-09-20 17:56:03,085 - INFO - Processing terminal.py
2026-09-20 17:56:03,085 - INFO - Processing file_handler.py
2026-09-20 17:56:03,087 - INFO - Waiting 3 promises
2026-09-20 17:56:03,088 - INFO - Waiting 3 promises
2026-09-20 17:56:07,113 - INFO - terminal.py processed
2026-09-20 17:56:07,118 - INFO - file_handler.py processed
2026-09-20 17:56:07,209 - INFO -  Publishing processing results for 2 files
2026-09-20 17:56:07,967 - INFO - Error file created for 0
2026-09-20 17:56:08,034 - INFO - Success file created for 2
