2026-09-20 12:16:33,892 - DEBUG - Retrying summarize - 0
2026-09-20 12:16:43,818 - DEBUG - Retrying keyword-extraction - 0
2026-09-20 12:16:44,138 - DEBUG - Retrying keyword-extraction - 1
2026-09-20 12:16:52,919 - DEBUG - Retrying classify - 0
2026-09-20 12:16:52,921 - DEBUG - Retrying summarize - 0
2026-09-20 12:16:53,231 - DEBUG - Retrying summarize - 1
2026-09-20 12:17:01,037 - DEBUG - Retrying summarize - 0
2026-09-20 12:17:09,442 - DEBUG - Retrying keyword-extraction - 0
2026-09-20 16:24:52,740 - DEBUG - Retrying summarize - 1
2026-09-20 16:24:52,746 - DEBUG - Retrying keyword-extraction - 1
2026-09-20 16:24:52,748 - DEBUG - Retrying keyword-extraction - 1
2026-09-20 16:26:31,507 - DEBUG - Retrying classify - 1
2026-09-20 16:26:31,508 - DEBUG - Retrying summarize - 1
2026-09-20 16:29:01,965 - DEBUG - Retrying classify - 1
2026-09-20 16:29:01,968 - DEBUG - Retrying summarize - 1
2026-09-20 16:29:02,274 - DEBUG - Retrying classify - 2
2026-09-20 16:29:02,289 - DEBUG - Retrying summarize - 2
2026-09-20 16:29:02,608 - ERROR - Error 429 - summarize
2026-09-20 16:29:11,621 - DEBUG - Retrying summarize - 1
2026-09-20 16:29:18,030 - DEBUG - Retrying keyword-extraction - 1
2026-09-20 16:39:36,194 - DEBUG - Retrying classify - 1
2026-09-20 16:39:36,196 - DEBUG - Retrying summarize - 1
2026-09-20 16:39:36,201 - DEBUG - Retrying keyword-extraction - 1
2026-09-20 16:39:36,202 - DEBUG - Retrying keyword-extraction - 1
2026-09-20 16:39:36,520 - DEBUG - Retrying keyword-extraction - 2
2026-09-20 16:39:36,523 - DEBUG - Retrying classify - 2
2026-09-20 16:39:36,843 - ERROR - Error 429 - classify
